[info] ffmpeg version n6.1.1 Copyright (c) 2000-2023 the FFmpeg developers
[info]   built with gcc 14 (Debian 14.2.0-19)
[info]   configuration: --disable-everything --disable-autodetect --disable-doc --disable-debug --disable-x86asm --disable-network --enable-decoder='aac,mpeg4,h264,rawvideo,wrapped_avframe,pcm_s16le,pcm_f32le,pcm_f64le,pcm_u8' --enable-parser='aac,mpeg4video,h264' --enable-encoder='aac,mpeg4,pcm_s16le,pcm_f32le,wrapped_avframe' --enable-demuxer='mov,wav,matroska' --enable-muxer='mov,mp4,wav,null,matroska' --enable-filter='aresample,anull,amix,adelay,afade,sidechaincompress,asplit,volume,loudnorm,aformat,apad,atrim,asetpts,color,sine,anullsrc,aevalsrc' --enable-indev=lavfi --enable-protocol='file,pipe'
[info]   libavutil      58. 29.100 / 58. 29.100
[info]   libavcodec     60. 31.102 / 60. 31.102
[info]   libavformat    60. 16.100 / 60. 16.100
[info]   libavdevice    60.  3.100 / 60.  3.100
[info]   libavfilter     9. 12.100 /  9. 12.100
[info]   libswscale      7.  5.100 /  7.  5.100
[info]   libswresample   4. 12.100 /  4. 12.100
[info] Input #0, mov,mp4,m4a,3gp,3g2,mj2, from '/workspace/.cache/kinocut-qa/aac-corruption-review/damaged-16.mp4':
[info]   Metadata:
[info]     major_brand     : isom
[info]     minor_version   : 512
[info]     compatible_brands: isomiso2mp41
[info]     encoder         : Lavf61.7.103
[info]   Duration: 00:00:02.00, start: 0.000000, bitrate: 91 kb/s
[info]   Stream #0:0[0x1](und): Video: mpeg4 (Simple Profile) (mp4v / 0x7634706D), yuv420p, 160x90 [SAR 1:1 DAR 16:9], 10 kb/s, 25 fps, 25 tbr, 12800 tbn (default)
[info]     Metadata:
[info]       handler_name    : VideoHandler
[info]       vendor_id       : [0][0][0][0]
[info]       encoder         : Lavc61.19.101 mpeg4
[info]   Stream #0:1[0x2](und): Audio: aac (LC) (mp4a / 0x6134706D), 48000 Hz, mono, fltp, 69 kb/s (default)
[info]     Metadata:
[info]       handler_name    : SoundHandler
[info]       vendor_id       : [0][0][0][0]
[info] Stream mapping:
[info]   Stream #0:1 -> #0:0 (aac (native) -> pcm_s16le (native))
[info] Press [q] to stop, [?] for help
[info] Output #0, null, to 'pipe:':
[info]   Metadata:
[info]     major_brand     : isom
[info]     minor_version   : 512
[info]     compatible_brands: isomiso2mp41
[info]     encoder         : Lavf60.16.100
[info]   Stream #0:0(und): Audio: pcm_s16le, 48000 Hz, mono, s16, 768 kb/s (default)
[info]     Metadata:
[info]       handler_name    : SoundHandler
[info]       vendor_id       : [0][0][0][0]
[info]       encoder         : Lavc60.31.102 pcm_s16le
[info] size=       0kB time=00:00:00.00 bitrate=N/A speed=   0x    [aac @ 0x55f527c64400] [error] channel element 1.0 is not allocated
[aist#0:1/aac @ 0x55f527c4fac0] [error] Error submitting packet to decoder: Invalid data found when processing input
[aist#0:1/aac @ 0x55f527c4fac0] [error] Error processing packet in decoder: Invalid data found when processing input
[aist#0:1/aac @ 0x55f527c4fac0] [error] Decoder thread returned error: Invalid data found when processing input
[out#0/null @ 0x55f527c531c0] [info] video:0kB audio:4kB subtitle:0kB other streams:0kB global headers:0kB muxing overhead: unknown
[info] size=N/A time=00:00:00.02 bitrate=N/A speed=9.44x    
