shard 0 minus sound files: 69 files
....................................sss.s........................ss...ss [  6%]
s....................................................................... [ 13%]
........................................................................ [ 19%]
........................................................................ [ 26%]
.....................................................................s.. [ 32%]
........................................................................ [ 39%]
........................................................................ [ 46%]
........................................................................ [ 52%]
........................................................................ [ 59%]
........................................................................ [ 65%]
........................................................................ [ 72%]
........................................................................ [ 79%]
........................................................................ [ 85%]
........................................................................ [ 92%]
........................................................................ [ 98%]
...........                                                              [100%]
=============================== warnings summary ===============================
tests/test_engine_overlay.py::test_overlay_converts_base_and_output_to_stable_pixel_formats
  /private/tmp/k3clone/tests/test_engine_overlay.py:26: UserWarning: [OVERLAY GUARDRAIL] Could not validate timing: Input file error: /private/var/folders/5n/3x16yjf57ld6mmz28h8wb0nc0000gn/T/pytest-of-simongonzalezdecruz/pytest-2/test_overlay_converts_base_and0/background.mp4 — Not a valid video file
    result = overlay_video(str(background), str(overlay), position="center", opacity=0.5, output_path=str(output))

-- Docs: https://docs.pytest.org/en/stable/how-to/capture-warnings.html
1081 passed, 10 skipped, 31 deselected, 1 warning in 147.76s (0:02:27)
