........................................................................ [  0%]
.........................sss.s........................ss...sss.......... [  1%]
........................................................................ [  2%]
........................................................................ [  3%]
...........................sssssssssssssssssssssssssssssssssssssssssssss [  4%]
ssss.......................sssssssssssssssssssssssssssssssssssssssssssss [  5%]
ssssssssss.............................................................. [  6%]
........................................................................ [  7%]
.s......................................ss.............................. [  8%]
......................ssssssssssssssssssssss............................ [  9%]
......s................................................................. [ 10%]
........................................................................ [ 11%]
...........................ss........................................... [ 12%]
........................................................................ [ 13%]
........................................................................ [ 14%]
........................................................................ [ 15%]
........................................................................ [ 16%]
........................................................................ [ 17%]
........................................................................ [ 18%]
........................................................................ [ 18%]
........................................................................ [ 19%]
........................................................................ [ 20%]
........................................................................ [ 21%]
........................................................................ [ 22%]
........................................................................ [ 23%]
........................................................................ [ 24%]
........................................................................ [ 25%]
.....................................s.................................. [ 26%]
........................................................................ [ 27%]
........................................................................ [ 28%]
........................................................................ [ 29%]
........................................................................ [ 30%]
..................................................ss.................... [ 31%]
........................................................................ [ 32%]
.............................................................s.......... [ 33%]
........................................................................ [ 34%]
........................................................................ [ 35%]
........................................................................ [ 36%]
........................................................................ [ 36%]
........................................................................ [ 37%]
........................................................................ [ 38%]
........................................................................ [ 39%]
........................................................................ [ 40%]
........................................................................ [ 41%]
........................................................................ [ 42%]
........................................................................ [ 43%]
........................................................................ [ 44%]
........................................................................ [ 45%]
........................................................................ [ 46%]
........................................................................ [ 47%]
........................................................................ [ 48%]
........................................................................ [ 49%]
...............ss..s.................................................... [ 50%]
........................................................................ [ 51%]
........................................................................ [ 52%]
........................................................................ [ 53%]
........................................................................ [ 54%]
........................................................................ [ 54%]
........................................................................ [ 55%]
........................................................................ [ 56%]
........................................................................ [ 57%]
........................................................................ [ 58%]
........................................................................ [ 59%]
........................................................................ [ 60%]
........................................................................ [ 61%]
........................................................................ [ 62%]
........................................................................ [ 63%]
........................................................................ [ 64%]
........................................................................ [ 65%]
........................................................................ [ 66%]
........................................................................ [ 67%]
.................................................s.....s...s...s........ [ 68%]
........................................................................ [ 69%]
............................................sss.s..........s............ [ 70%]
........................................................................ [ 71%]
......................................................................ss [ 72%]
........sss............................................................. [ 72%]
........................................................................ [ 73%]
........................................................................ [ 74%]
........................................................................ [ 75%]
........................................................................ [ 76%]
........................................................................ [ 77%]
........................................................................ [ 78%]
........................................................................ [ 79%]
........................................................................ [ 80%]
........................................................................ [ 81%]
........................................................................ [ 82%]
........................................................................ [ 83%]
...............................................................ss...ssss [ 84%]
sss.ssssss.............................................................. [ 85%]
........................................................................ [ 86%]
........................................................................ [ 87%]
........................................................................ [ 88%]
.............ss.ss...................................................... [ 89%]
........................................................................ [ 90%]
........................................................................ [ 90%]
........................................................................ [ 91%]
........................................................................ [ 92%]
........................................................................ [ 93%]
........................................................................ [ 94%]
................................ssss.................................... [ 95%]
........................................................................ [ 96%]
........................................................................ [ 97%]
........................................................................ [ 98%]
........................................................................ [ 99%]
.....................................                                    [100%]
=============================== warnings summary ===============================
tests/test_engine.py::TestAddTexts::test_add_texts_overlay
  /workspace/kinocut/tests/test_engine.py:244: UserWarning: [ERROR] text_overlap: Text 'Line 1...' and 'Line 2...' overlap at position (center, center). Use pixel positioning {'x': N, 'y': N} or different named positions to separate them.
    result = add_texts(

tests/test_engine.py::TestAddTexts::test_add_texts_auto_layout
  /workspace/kinocut/tests/test_engine.py:256: UserWarning: [ERROR] text_overlap: Text 'Top...' and 'Middle...' overlap at position (top-center, top-center). Use pixel positioning {'x': N, 'y': N} or different named positions to separate them.
    result = add_texts(

tests/test_engine.py::TestAddTexts::test_add_texts_auto_layout
  /workspace/kinocut/tests/test_engine.py:256: UserWarning: [ERROR] text_overlap: Text 'Top...' and 'Bottom...' overlap at position (top-center, top-center). Use pixel positioning {'x': N, 'y': N} or different named positions to separate them.
    result = add_texts(

tests/test_engine.py::TestAddTexts::test_add_texts_auto_layout
  /workspace/kinocut/tests/test_engine.py:256: UserWarning: [ERROR] text_overlap: Text 'Middle...' and 'Bottom...' overlap at position (top-center, top-center). Use pixel positioning {'x': N, 'y': N} or different named positions to separate them.
    result = add_texts(

tests/test_engine_advanced.py::TestEditTimeline::test_timeline_passes_every_audio_clip_field_to_add_audio
  /workspace/kinocut/kinocut/engine_audio_ops.py:266: UserWarning: [AUDIO GUARDRAIL] volume=1.4 > 1.0. If source audio is already near peak, this may cause digital clipping/distortion.
    _emit_add_audio_guardrails(video_info, audio_path, volume, start_time)

tests/test_engine_overlay.py::test_overlay_converts_base_and_output_to_stable_pixel_formats
  /workspace/kinocut/tests/test_engine_overlay.py:26: UserWarning: [OVERLAY GUARDRAIL] Could not validate timing: Input file error: /tmp/pytest-of-agent/pytest-14/test_overlay_converts_base_and0/background.mp4 — Not a valid video file
    result = overlay_video(str(background), str(overlay), position="center", opacity=0.5, output_path=str(output))

tests/test_tier1_regressions.py::test_merge_transition_with_mixed_audio_presence
  /workspace/kinocut/kinocut/engine_merge.py:149: UserWarning: [MERGE GUARDRAIL] Merged clips have mixed audio/no-audio. Clips without audio may cause concat demuxer errors or silent output. Consider normalizing all clips to the same audio presence.
    _emit_merge_guardrails(infos, transition_duration, has_transitions)

tests/test_tier1_regressions.py::test_merge_rejects_unknown_transition_at_engine_layer
  /workspace/kinocut/kinocut/engine_merge.py:149: UserWarning: [MERGE GUARDRAIL] Clips have different resolutions: [(320, 240), (640, 480)]. Merge will normalize by re-encoding all clips.
    _emit_merge_guardrails(infos, transition_duration, has_transitions)

-- Docs: https://docs.pytest.org/en/stable/how-to/capture-warnings.html
7412 passed, 185 skipped, 8 warnings in 957.04s (0:15:57)
